<?xml version="1.0" encoding="UTF-8" ?>
<api>
  <package name="java.lang">
    <class abstract="false" deprecated="not deprecated" final="false" name="Object" static="false" visibility="public">
    </class>
    <class abstract="false" deprecated="not deprecated" extends="java.lang.Object" extends-generic-aware="java.lang.Object"
      final="true" name="String" static="false" visibility="public">
    </class>
  </package>
  <package name="android.widget">
    <class abstract="false" deprecated="not deprecated" extends="java.lang.Object" extends-generic-aware="java.lang.Object" final="false" name="TextView" static="false" visibility="public">
      <method abstract="false" deprecated="not deprecated" final="false" name="getText" bridge="false" native="false" return="java.lang.CharSequence" static="false" synchronized="false" synthetic="false" visibility="public">
      </method>
      <method abstract="false" deprecated="not deprecated" final="false" name="setText" bridge="false" native="false" return="void" static="false" synchronized="false" synthetic="false" visibility="public">
        <parameter name="text" type="java.lang.CharSequence">
        </parameter>
      </method>
    </class>
  </package>
</api>